test_01_grouped_quadratic_and_physical_gram (__main__.Checks.test_01_grouped_quadratic_and_physical_gram) ... FAIL
test_02_global_product_bounds_and_constant (__main__.Checks.test_02_global_product_bounds_and_constant) ... ok
test_03_no_click_probability_and_heavy_light_bound (__main__.Checks.test_03_no_click_probability_and_heavy_light_bound) ... ok
test_04_exact_four_photon_certificate (__main__.Checks.test_04_exact_four_photon_certificate) ... ok
test_05_balancing_counterexample_and_small_case_controls (__main__.Checks.test_05_balancing_counterexample_and_small_case_controls) ... ok
test_06_known_achieving_sequence_and_coherent_control (__main__.Checks.test_06_known_achieving_sequence_and_coherent_control) ... ERROR

======================================================================
ERROR: test_06_known_achieving_sequence_and_coherent_control (__main__.Checks.test_06_known_achieving_sequence_and_coherent_control)
----------------------------------------------------------------------
Traceback (most recent call last):
  File "/mnt/data/distillation_yield_global_2026-10-08/check_followup.py", line 249, in test_06_known_achieving_sequence_and_coherent_control
    if n<=10:self.assertAlmostEqual(value,float(old.success_poly(n).subs({'eta':1})),places=11)
                                          ~~~~~^^^^^^^^^^^^^^^^^^^^^^^^^^^^^^^^^^^^^
  File "/opt/pyvenv/lib/python3.13/site-packages/sympy/core/expr.py", line 375, in __float__
    raise TypeError("Cannot convert expression to float")
TypeError: Cannot convert expression to float

======================================================================
FAIL: test_01_grouped_quadratic_and_physical_gram (__main__.Checks.test_01_grouped_quadratic_and_physical_gram)
----------------------------------------------------------------------
Traceback (most recent call last):
  File "/mnt/data/distillation_yield_global_2026-10-08/check_followup.py", line 102, in test_01_grouped_quadratic_and_physical_gram
    self.assertEqual(sum(beta*z),n)
    ~~~~~~~~~~~~~~~~^^^^^^^^^^^^^^^
AssertionError: 0 != 3

----------------------------------------------------------------------
Ran 6 tests in 2.531s

FAILED (failures=1, errors=1)
